// 同步 ID: 1fdb36b9 @ Thu Jul 23 11:00:16 UTC 2026
// 同步 ID: c9338357 @ Fri Jul 24 19:20:41 UTC 2026
// 同步 ID: 39fb1052 @ Sat Jul 25 10:10:38 UTC 2026
// 同步 ID: 6b4689af @ Sat Jul 25 14:27:31 UTC 2026
// 重构日志: 0db93cfe
// 同步 ID: 4aea46f1 @ Sun Jul 26 12:21:23 UTC 2026
// 重构日志: 4a55152c
// 同步 ID: a443cca4 @ Sun Jul 26 16:36:00 UTC 2026
// 同步 ID: c4550ff6 @ Sun Jul 26 18:27:32 UTC 2026
// 重构日志: b5757cf6
// 重构日志: 6d38a6ee
// 重构日志: 8b8967af
// 重构日志: bb996896
// 重构日志: d1d3403c
// 重构日志: 70c9b51e
// 重构日志: 503ae7d6
// 重构日志: 89ae95ce
// 同步 ID: 70dcffd2 @ Tue Jul 28 17:13:33 UTC 2026
// 同步 ID: 1f8eeef7 @ Wed Jul 29 01:08:13 UTC 2026
// 同步 ID: 88642cb9 @ Wed Jul 29 16:17:00 UTC 2026
// 同步 ID: 27436838 @ Wed Jul 29 22:35:28 UTC 2026
// 重构日志: 2edf12c9
// 重构日志: 68ccebad
// 同步 ID: 9c82705f @ Fri Jul 31 07:56:53 UTC 2026
// 重构日志: e79465e8
// 重构日志: ccf783c8
// 重构日志: b078dafa
// 同步 ID: f805c59d @ Sun Aug  2 18:22:49 UTC 2026
// 同步 ID: 00f39321 @ Mon Aug  3 12:48:12 UTC 2026
// 同步 ID: 4f8edfa3 @ Mon Aug  3 23:45:06 UTC 2026
// 重构日志: 2e7991dd
